2026-07-27 14:17:55 INFO  [main] k.b.b.BarberNotesApplication - Starting BarberNotesApplication using Java 25.0.2 with PID 51066 (/Users/adiletg/My_Projects/BarberNotes/Backend/BarberNotes/target/classes started by adiletg in /Users/adiletg/My_Projects/BarberNotes/Backend/BarberNotes)
2026-07-27 14:17:55 DEBUG [main] k.b.b.BarberNotesApplication - Running with Spring Boot v4.1.0, Spring v7.0.8
2026-07-27 14:17:55 INFO  [main] k.b.b.BarberNotesApplication - The following 1 profile is active: "dev"
2026-07-27 14:17:55 INFO  [main] o.s.d.r.c.RepositoryConfigurationDelegate - Bootstrapping Spring Data JPA repositories in DEFAULT mode.
2026-07-27 14:17:55 INFO  [main] o.s.d.r.c.RepositoryConfigurationDelegate - Finished Spring Data repository scanning in 4 ms. Found 0 JPA repository interfaces.
2026-07-27 14:17:55 INFO  [main] o.s.boot.tomcat.TomcatWebServer - Tomcat initialized with port 8101 (http)
2026-07-27 14:17:55 INFO  [main] o.a.catalina.core.StandardService - Starting service [Tomcat]
2026-07-27 14:17:55 INFO  [main] o.a.catalina.core.StandardEngine - Starting Servlet engine: [Apache Tomcat/11.0.22]
2026-07-27 14:17:55 INFO  [main] o.s.b.w.c.s.WebApplicationContextInitializer - Root WebApplicationContext: initialization completed in 536 ms
2026-07-27 14:17:55 INFO  [main] liquibase.database - Set default schema name to public
2026-07-27 14:17:58 INFO  [main] liquibase.changelog - Reading resource: db/changelog/migrations/001-create-branch-table.yaml
2026-07-27 14:17:58 INFO  [main] liquibase.changelog - Creating database changelog table with name: public.databasechangelog
2026-07-27 14:17:58 INFO  [main] liquibase.changelog - Reading from public.databasechangelog
2026-07-27 14:17:58 INFO  [main] liquibase.changelog - Reading resource: db/changelog/migrations/002-create-service-category-table.yaml
2026-07-27 14:17:58 INFO  [main] liquibase.changelog - Reading resource: db/changelog/migrations/003-create-service-table.yaml
2026-07-27 14:17:58 INFO  [main] liquibase.changelog - Reading resource: db/changelog/migrations/004-create-barber-table.yaml
2026-07-27 14:17:58 INFO  [main] liquibase.changelog - Reading resource: db/changelog/migrations/005-create-barber-service-table.yaml
2026-07-27 14:17:58 INFO  [main] liquibase.changelog - Reading resource: db/changelog/migrations/006-create-customer-table.yaml
2026-07-27 14:17:58 INFO  [main] liquibase.changelog - Reading resource: db/changelog/migrations/007-create-work-shift-table.yaml
2026-07-27 14:17:58 INFO  [main] liquibase.changelog - Reading resource: db/changelog/migrations/008-create-appointment-table.yaml
2026-07-27 14:17:58 INFO  [main] liquibase.changelog - Reading resource: db/changelog/migrations/009-create-appointment-service-table.yaml
2026-07-27 14:17:58 INFO  [main] liquibase.snapshot - Creating snapshot
2026-07-27 14:17:58 INFO  [main] liquibase.lockservice - Successfully acquired change log lock
2026-07-27 14:17:58 INFO  [main] liquibase.command - Using deploymentId: 5140275858
2026-07-27 14:17:58 INFO  [main] liquibase.changelog - Reading from public.databasechangelog
2026-07-27 14:17:58 INFO  [main] liquibase.ui - Running Changeset: db/changelog/migrations/001-create-branch-table.yaml::1::AdiletG
2026-07-27 14:17:59 INFO  [main] liquibase.changelog - Table branch created
2026-07-27 14:17:59 INFO  [main] liquibase.changelog - Custom SQL executed
2026-07-27 14:17:59 INFO  [main] liquibase.changelog - Custom SQL executed
2026-07-27 14:17:59 INFO  [main] liquibase.changelog - Custom SQL executed
2026-07-27 14:17:59 INFO  [main] liquibase.changelog - Index idx_branch_status created
2026-07-27 14:17:59 INFO  [main] liquibase.changelog - ChangeSet db/changelog/migrations/001-create-branch-table.yaml::1::AdiletG ran successfully in 18ms
2026-07-27 14:17:59 INFO  [main] liquibase.ui - Running Changeset: db/changelog/migrations/002-create-service-category-table.yaml::2::AdiletG
2026-07-27 14:17:59 INFO  [main] liquibase.changelog - Table service_category created
2026-07-27 14:17:59 INFO  [main] liquibase.changelog - Custom SQL executed
2026-07-27 14:17:59 INFO  [main] liquibase.changelog - Index idx_service_category_status created
2026-07-27 14:17:59 INFO  [main] liquibase.changelog - ChangeSet db/changelog/migrations/002-create-service-category-table.yaml::2::AdiletG ran successfully in 7ms
2026-07-27 14:17:59 INFO  [main] liquibase.ui - Running Changeset: db/changelog/migrations/003-create-service-table.yaml::3::AdiletG
2026-07-27 14:17:59 INFO  [main] liquibase.changelog - Table service created
2026-07-27 14:17:59 INFO  [main] liquibase.changelog - Foreign key constraint added to service (category_id)
2026-07-27 14:17:59 INFO  [main] liquibase.changelog - Custom SQL executed
2026-07-27 14:17:59 INFO  [main] liquibase.changelog - Custom SQL executed
2026-07-27 14:17:59 INFO  [main] liquibase.changelog - Custom SQL executed
2026-07-27 14:17:59 INFO  [main] liquibase.changelog - Index idx_service_status created
2026-07-27 14:17:59 INFO  [main] liquibase.changelog - Index idx_service_category_id created
2026-07-27 14:17:59 INFO  [main] liquibase.changelog - ChangeSet db/changelog/migrations/003-create-service-table.yaml::3::AdiletG ran successfully in 16ms
2026-07-27 14:17:59 INFO  [main] liquibase.ui - Running Changeset: db/changelog/migrations/004-create-barber-table.yaml::4::AdiletG
2026-07-27 14:17:59 INFO  [main] liquibase.changelog - Table barber created
2026-07-27 14:17:59 INFO  [main] liquibase.changelog - Foreign key constraint added to barber (branch_id)
2026-07-27 14:17:59 INFO  [main] liquibase.changelog - Custom SQL executed
2026-07-27 14:17:59 INFO  [main] liquibase.changelog - Custom SQL executed
2026-07-27 14:17:59 INFO  [main] liquibase.changelog - Index idx_barber_status created
2026-07-27 14:17:59 INFO  [main] liquibase.changelog - Index idx_barber_branch_id created
2026-07-27 14:17:59 INFO  [main] liquibase.changelog - ChangeSet db/changelog/migrations/004-create-barber-table.yaml::4::AdiletG ran successfully in 10ms
2026-07-27 14:17:59 INFO  [main] liquibase.ui - Running Changeset: db/changelog/migrations/005-create-barber-service-table.yaml::5::AdiletG
2026-07-27 14:17:59 INFO  [main] liquibase.changelog - Table barber_service created
2026-07-27 14:17:59 INFO  [main] liquibase.changelog - Unique constraint added to barber_service(barber_id, service_id)
2026-07-27 14:17:59 INFO  [main] liquibase.changelog - Foreign key constraint added to barber_service (barber_id)
2026-07-27 14:17:59 INFO  [main] liquibase.changelog - Foreign key constraint added to barber_service (service_id)
2026-07-27 14:17:59 INFO  [main] liquibase.changelog - Custom SQL executed
2026-07-27 14:17:59 INFO  [main] liquibase.changelog - Index idx_barber_service_status created
2026-07-27 14:17:59 INFO  [main] liquibase.changelog - Index idx_barber_service_barber_id created
2026-07-27 14:17:59 INFO  [main] liquibase.changelog - Index idx_barber_service_service_id created
2026-07-27 14:17:59 INFO  [main] liquibase.changelog - ChangeSet db/changelog/migrations/005-create-barber-service-table.yaml::5::AdiletG ran successfully in 15ms
2026-07-27 14:17:59 INFO  [main] liquibase.ui - Running Changeset: db/changelog/migrations/006-create-customer-table.yaml::6::AdiletG
2026-07-27 14:17:59 INFO  [main] liquibase.changelog - Table customer created
2026-07-27 14:17:59 INFO  [main] liquibase.changelog - Custom SQL executed
2026-07-27 14:17:59 INFO  [main] liquibase.changelog - Custom SQL executed
2026-07-27 14:17:59 INFO  [main] liquibase.changelog - ChangeSet db/changelog/migrations/006-create-customer-table.yaml::6::AdiletG ran successfully in 8ms
2026-07-27 14:17:59 INFO  [main] liquibase.ui - Running Changeset: db/changelog/migrations/007-create-work-shift-table.yaml::7::AdiletG
2026-07-27 14:17:59 INFO  [main] liquibase.changelog - Table work_shift created
2026-07-27 14:17:59 INFO  [main] liquibase.changelog - Unique constraint added to work_shift(barber_id, work_date)
2026-07-27 14:17:59 INFO  [main] liquibase.changelog - Foreign key constraint added to work_shift (barber_id)
2026-07-27 14:17:59 INFO  [main] liquibase.changelog - Custom SQL executed
2026-07-27 14:17:59 INFO  [main] liquibase.changelog - Custom SQL executed
2026-07-27 14:17:59 INFO  [main] liquibase.changelog - Index idx_work_shift_barber_id created
2026-07-27 14:17:59 INFO  [main] liquibase.changelog - ChangeSet db/changelog/migrations/007-create-work-shift-table.yaml::7::AdiletG ran successfully in 10ms
2026-07-27 14:17:59 INFO  [main] liquibase.ui - Running Changeset: db/changelog/migrations/008-create-appointment-table.yaml::008::AdiletG
2026-07-27 14:17:59 INFO  [main] liquibase.changelog - Table appointment created
2026-07-27 14:17:59 INFO  [main] liquibase.changelog - Foreign key constraint added to appointment (customer_id)
2026-07-27 14:17:59 INFO  [main] liquibase.changelog - Foreign key constraint added to appointment (barber_id)
2026-07-27 14:17:59 INFO  [main] liquibase.changelog - Foreign key constraint added to appointment (branch_id)
2026-07-27 14:17:59 INFO  [main] liquibase.changelog - Custom SQL executed
2026-07-27 14:17:59 INFO  [main] liquibase.changelog - Custom SQL executed
2026-07-27 14:17:59 INFO  [main] liquibase.changelog - Custom SQL executed
2026-07-27 14:17:59 INFO  [main] liquibase.changelog - Custom SQL executed
2026-07-27 14:17:59 INFO  [main] liquibase.ui - extension "btree_gist" already exists, skipping
2026-07-27 14:17:59 INFO  [main] liquibase.changelog - Custom SQL executed
2026-07-27 14:17:59 INFO  [main] liquibase.changelog - Custom SQL executed
2026-07-27 14:17:59 INFO  [main] liquibase.changelog - Custom SQL executed
2026-07-27 14:17:59 INFO  [main] liquibase.changelog - Index idx_barber_id_appointment_date_appointment created
2026-07-27 14:17:59 INFO  [main] liquibase.changelog - Index idx_customer_appointment created
2026-07-27 14:17:59 INFO  [main] liquibase.changelog - Index idx_branch_id_appointment created
2026-07-27 14:17:59 INFO  [main] liquibase.changelog - Index idx_status_appointment created
2026-07-27 14:17:59 INFO  [main] liquibase.changelog - ChangeSet db/changelog/migrations/008-create-appointment-table.yaml::008::AdiletG ran successfully in 36ms
2026-07-27 14:17:59 INFO  [main] liquibase.ui - Running Changeset: db/changelog/migrations/009-create-appointment-service-table.yaml::009::AdiletG
2026-07-27 14:17:59 INFO  [main] liquibase.changelog - Table appointment_service created
2026-07-27 14:17:59 INFO  [main] liquibase.changelog - Unique constraint added to appointment_service(appointment_id, service_id)
2026-07-27 14:17:59 INFO  [main] liquibase.changelog - Foreign key constraint added to appointment_service (appointment_id)
2026-07-27 14:17:59 INFO  [main] liquibase.changelog - Foreign key constraint added to appointment_service (service_id)
2026-07-27 14:17:59 INFO  [main] liquibase.changelog - Custom SQL executed
2026-07-27 14:17:59 INFO  [main] liquibase.changelog - Custom SQL executed
2026-07-27 14:17:59 INFO  [main] liquibase.changelog - Index idx_appointment_id_appointment_service created
2026-07-27 14:17:59 INFO  [main] liquibase.changelog - Index idx_service_id_appointment_service created
2026-07-27 14:17:59 INFO  [main] liquibase.changelog - ChangeSet db/changelog/migrations/009-create-appointment-service-table.yaml::009::AdiletG ran successfully in 13ms
2026-07-27 14:17:59 INFO  [main] liquibase.util - UPDATE SUMMARY
2026-07-27 14:17:59 INFO  [main] liquibase.util - Run:                          9
2026-07-27 14:17:59 INFO  [main] liquibase.util - Previously run:               0
2026-07-27 14:17:59 INFO  [main] liquibase.util - Filtered out:                 0
2026-07-27 14:17:59 INFO  [main] liquibase.util - -------------------------------
2026-07-27 14:17:59 INFO  [main] liquibase.util - Total change sets:            9
2026-07-27 14:17:59 INFO  [main] liquibase.util - Update summary generated
2026-07-27 14:17:59 INFO  [main] liquibase.command - Update command completed successfully.
2026-07-27 14:17:59 INFO  [main] liquibase.ui - Liquibase: Update has been successful. Rows affected: 0
2026-07-27 14:17:59 INFO  [main] liquibase.lockservice - Successfully released change log lock
2026-07-27 14:17:59 INFO  [main] liquibase.command - Command execution complete
2026-07-27 14:17:59 INFO  [main] org.hibernate.orm.jpa - HHH008540: Processing PersistenceUnitInfo [name: default]
2026-07-27 14:17:59 INFO  [main] org.hibernate.orm.core - HHH000001: Hibernate ORM core version 7.4.1.Final
2026-07-27 14:17:59 INFO  [main] o.s.o.j.p.SpringPersistenceUnitInfo - No LoadTimeWeaver setup: ignoring JPA class transformer
2026-07-27 14:17:59 INFO  [main] o.hibernate.orm.connections.pooling - HHH10001005: Database info:
	Database JDBC URL [jdbc:postgresql://localhost:5432/db_barber_notes]
	Database driver: PostgreSQL JDBC Driver
	Database dialect: PostgreSQLDialect
	Database version: 18.4
	Default catalog/schema: db_barber_notes/public
	Autocommit mode: undefined/unknown
	Isolation level: READ_COMMITTED [default READ_COMMITTED]
	JDBC fetch size: none
	Pool: DataSourceConnectionProvider
	Minimum pool size: undefined/unknown
	Maximum pool size: undefined/unknown
2026-07-27 14:17:59 INFO  [main] org.hibernate.orm.core - HHH000489: No JTA platform available (set 'hibernate.transaction.jta.platform' to enable JTA platform integration)
2026-07-27 14:17:59 INFO  [main] o.s.o.j.LocalContainerEntityManagerFactoryBean - Initialized JPA EntityManagerFactory for persistence unit 'default'
2026-07-27 14:17:59 WARN  [main] o.s.b.s.a.UserDetailsServiceAutoConfiguration - 

Using generated security password: 2ebe3ea7-a5c3-4850-9942-95c44bf49aff

This generated password is for development use only. Your security configuration must be updated before running your application in production.

2026-07-27 14:17:59 INFO  [main] o.s.s.c.a.a.c.InitializeUserDetailsBeanManagerConfigurer$InitializeUserDetailsManagerConfigurer - Global AuthenticationManager configured with UserDetailsService bean with name inMemoryUserDetailsManager
2026-07-27 14:17:59 INFO  [main] o.s.b.a.e.web.EndpointLinksResolver - Exposing 1 endpoint beneath base path '/actuator'
2026-07-27 14:18:00 DEBUG [main] o.s.s.web.DefaultSecurityFilterChain - Will secure any request with filters: DisableEncodeUrlFilter, WebAsyncManagerIntegrationFilter, SecurityContextHolderFilter, HeaderWriterFilter, CorsFilter, CsrfFilter, LogoutFilter, UsernamePasswordAuthenticationFilter, DefaultResourcesFilter, DefaultLoginPageGeneratingFilter, DefaultLogoutPageGeneratingFilter, BasicAuthenticationFilter, RequestCacheAwareFilter, SecurityContextHolderAwareRequestFilter, AnonymousAuthenticationFilter, ExceptionTranslationFilter, AuthorizationFilter
2026-07-27 14:18:00 INFO  [main] o.s.boot.tomcat.TomcatWebServer - Tomcat started on port 8101 (http) with context path '/'
2026-07-27 14:18:00 INFO  [main] k.b.b.BarberNotesApplication - Started BarberNotesApplication in 5.043 seconds (process running for 5.369)
2026-07-27 14:18:00 INFO  [RMI TCP Connection(2)-127.0.0.1] o.a.c.c.C.[Tomcat].[localhost].[/] - Initializing Spring DispatcherServlet 'dispatcherServlet'
2026-07-27 14:18:00 INFO  [RMI TCP Connection(2)-127.0.0.1] o.s.web.servlet.DispatcherServlet - Initializing Servlet 'dispatcherServlet'
2026-07-27 14:18:00 INFO  [RMI TCP Connection(2)-127.0.0.1] o.s.web.servlet.DispatcherServlet - Completed initialization in 1 ms
2026-07-27 14:53:36 INFO  [SpringApplicationShutdownHook] o.s.boot.tomcat.GracefulShutdown - Commencing graceful shutdown. Waiting for active requests to complete
2026-07-27 14:53:36 INFO  [tomcat-shutdown] o.s.boot.tomcat.GracefulShutdown - Graceful shutdown complete
2026-07-27 14:53:36 INFO  [SpringApplicationShutdownHook] o.s.o.j.LocalContainerEntityManagerFactoryBean - Closing JPA EntityManagerFactory for persistence unit 'default'
